I'm sorry, but errors were detected in your script. Please correct the
errors listed below, and try again.


File "game/script.rpy", line 8479: Line is indented, but the preceding say statement statement does not expect a block. Please check this line's indentation.
    "“Your funeral”"
    ^

Ren'Py Version: Ren'Py 7.3.5.606
Wed Dec 18 18:02:25 2019
